> Task :preBuild UP-TO-DATE
> Task :market-ui:checkKotlinGradlePluginConfigurationErrors SKIPPED
> Task :preDebugBuild UP-TO-DATE
> Task :market-ui:preBuild UP-TO-DATE
> Task :market-ui:preDebugBuild UP-TO-DATE
> Task :mergeDebugJniLibFolders UP-TO-DATE
> Task :market-ui:generateDebugResValues UP-TO-DATE
> Task :market-ui:generateDebugResources UP-TO-DATE
> Task :mergeDebugNativeLibs NO-SOURCE
> Task :stripDebugDebugSymbols NO-SOURCE
> Task :market-ui:packageDebugResources UP-TO-DATE
> Task :copyDebugJniLibsProjectAndLocalJars UP-TO-DATE
> Task :checkKotlinGradlePluginConfigurationErrors SKIPPED
> Task :generateDebugResValues UP-TO-DATE
> Task :market-ui:parseDebugLocalResources UP-TO-DATE
> Task :generateDebugResources UP-TO-DATE
> Task :market-ui:generateDebugRFile UP-TO-DATE
> Task :packageDebugResources UP-TO-DATE
> Task :parseDebugLocalResources UP-TO-DATE
> Task :generateDebugRFile UP-TO-DATE
> Task :extractDeepLinksForAarDebug UP-TO-DATE
> Task :javaPreCompileDebug UP-TO-DATE
> Task :mergeDebugShaders UP-TO-DATE
> Task :compileDebugShaders NO-SOURCE
> Task :debugAssetsCopyForAGP NO-SOURCE
> Task :generateDebugAssets UP-TO-DATE
> Task :packageDebugAssets UP-TO-DATE
> Task :prepareDebugArtProfile UP-TO-DATE
> Task :prepareLintJarForPublish UP-TO-DATE
> Task :processDebugManifest UP-TO-DATE
> Task :writeDebugAarMetadata UP-TO-DATE
> Task :market-ui:compileDebugKotlinAndroid UP-TO-DATE
> Task :market-ui:javaPreCompileDebug UP-TO-DATE
> Task :market-ui:compileDebugJavaWithJavac NO-SOURCE
> Task :market-ui:bundleLibCompileToJarDebug UP-TO-DATE
> Task :compileDebugKotlinAndroid
> Task :extractDebugAnnotations
> Task :compileDebugJavaWithJavac NO-SOURCE
> Task :mergeDebugGeneratedProguardFiles UP-TO-DATE
> Task :mergeDebugConsumerProguardFiles UP-TO-DATE
> Task :processDebugJavaRes UP-TO-DATE
> Task :mergeDebugJavaResource UP-TO-DATE
> Task :syncDebugLibJars UP-TO-DATE
> Task :bundleDebugAar UP-TO-DATE
> Task :assembleDebug UP-TO-DATE

BUILD SUCCESSFUL in 759ms
31 actionable tasks: 2 executed, 29 up-to-date
