To honour the JVM settings for this build a single-use Daemon process will be forked. For more on this, please refer to https://docs.gradle.org/8.7/userguide/gradle_daemon.html#sec:disabling_the_daemon in the Gradle documentation.
Daemon will be stopped at the end of the build
> Task :buildSrc:checkKotlinGradlePluginConfigurationErrors
> Task :buildSrc:pluginDescriptors UP-TO-DATE
> Task :buildSrc:processResources NO-SOURCE
> Task :buildSrc:compileKotlin
> Task :buildSrc:compileJava NO-SOURCE
> Task :buildSrc:compileGroovy NO-SOURCE
> Task :buildSrc:classes UP-TO-DATE

> Task :buildSrc:jar
:jar: No valid plugin descriptors were found in META-INF/gradle-plugins

> Configure project :shared
[KuiklyGradle][KuiklyPlugin] apply
[KuiklyGradle][KuiklyPlugin] Using KSP dependency: com.tencent.kuikly-open:core-ksp:2.27.0-2.1.21
The 'ksp' configuration is deprecated in Kotlin Multiplatform projects. Please use target-specific configurations like 'kspJvm' instead.
[KuiklyGradle][JSSplitProcessor] Registered dynamic KSP arguments via Provider-based arg (KSP 2.x) with rootProject.ext sharing
[KuiklyGradle][JSSplitProcessor] Registered dynamic KSP arguments for packEntryJSBundle context
[KuiklyGradle][JSProcessor] js config is null
[KuiklyGradle][JSSplitProcessor] JSConfig not configured in KuiklyConfig
[KuiklyGradle][JSSplitProcessor] JS config not configured, skipping JS split processing

> Task :market-ui:checkKotlinGradlePluginConfigurationErrors SKIPPED
> Task :market-ui:preBuild UP-TO-DATE
> Task :market-ui:preDebugBuild UP-TO-DATE
> Task :market-ui:generateDebugResValues UP-TO-DATE
> Task :market-ui:generateDebugResources UP-TO-DATE
> Task :market-ui:packageDebugResources UP-TO-DATE
> Task :market-ui:parseDebugLocalResources UP-TO-DATE
> Task :market-ui:generateDebugRFile UP-TO-DATE
> Task :shared:checkKotlinGradlePluginConfigurationErrors SKIPPED
> Task :shared:preBuild UP-TO-DATE
> Task :shared:preDebugBuild UP-TO-DATE
> Task :shared:generateDebugResValues
> Task :shared:generateDebugResources
> Task :market-ui:javaPreCompileDebug UP-TO-DATE
> Task :market-ui:writeDebugAarMetadata UP-TO-DATE
> Task :market-ui:extractDeepLinksDebug UP-TO-DATE
> Task :shared:packageDebugResources
> Task :market-ui:processDebugManifest UP-TO-DATE
> Task :market-ui:compileDebugLibraryResources UP-TO-DATE
> Task :market-ui:mergeDebugShaders UP-TO-DATE
> Task :market-ui:compileDebugShaders NO-SOURCE
> Task :market-ui:debugAssetsCopyForAGP NO-SOURCE
> Task :market-ui:generateDebugAssets UP-TO-DATE
> Task :market-ui:packageDebugAssets UP-TO-DATE
> Task :market-ui:mergeDebugJniLibFolders UP-TO-DATE
> Task :market-ui:mergeDebugNativeLibs NO-SOURCE
> Task :market-ui:copyDebugJniLibsProjectOnly UP-TO-DATE
> Task :shared:preDebugUnitTestBuild UP-TO-DATE
> Task :shared:javaPreCompileDebugUnitTest UP-TO-DATE
> Task :androidApp:checkKotlinGradlePluginConfigurationErrors SKIPPED
> Task :androidApp:preBuild UP-TO-DATE
> Task :androidApp:preDebugBuild UP-TO-DATE
> Task :shared:javaPreCompileDebug
> Task :androidApp:generateDebugBuildConfig
> Task :androidApp:generateDebugResValues
> Task :shared:writeDebugAarMetadata
> Task :shared:parseDebugLocalResources
> Task :androidApp:mapDebugSourceSetPaths
> Task :shared:generateDebugRFile
> Task :androidApp:generateDebugResources
> Task :androidApp:checkDebugAarMetadata
> Task :shared:generateDebugUnitTestStubRFile UP-TO-DATE
> Task :market-ui:compileDebugKotlinAndroid
> Task :market-ui:compileDebugJavaWithJavac NO-SOURCE
> Task :market-ui:bundleLibCompileToJarDebug UP-TO-DATE
> Task :market-ui:processDebugJavaRes UP-TO-DATE
> Task :market-ui:bundleLibRuntimeToJarDebug UP-TO-DATE
> Task :androidApp:packageDebugResources
> Task :androidApp:createDebugCompatibleScreenManifests
> Task :androidApp:extractDeepLinksDebug
> Task :shared:extractDeepLinksDebug
> Task :androidApp:parseDebugLocalResources
> Task :androidApp:mergeDebugResources
> Task :shared:compileDebugLibraryResources
> Task :androidApp:preDebugUnitTestBuild UP-TO-DATE
> Task :androidApp:javaPreCompileDebugUnitTest UP-TO-DATE
> Task :androidApp:mergeDebugNativeDebugMetadata NO-SOURCE
> Task :androidApp:mergeDebugShaders
> Task :androidApp:compileDebugShaders NO-SOURCE
> Task :androidApp:generateDebugAssets UP-TO-DATE
> Task :androidApp:javaPreCompileDebug
> Task :shared:mergeDebugShaders
> Task :shared:compileDebugShaders NO-SOURCE
> Task :shared:debugAssetsCopyForAGP NO-SOURCE
> Task :shared:generateDebugAssets UP-TO-DATE
> Task :shared:processDebugManifest
> Task :shared:packageDebugAssets
> Task :androidApp:processDebugMainManifest
> Task :androidApp:processDebugManifest
> Task :androidApp:mergeDebugAssets
> Task :androidApp:compressDebugAssets
> Task :androidApp:processDebugManifestForPackage
> Task :androidApp:checkDebugDuplicateClasses
> Task :androidApp:desugarDebugFileDependencies
> Task :androidApp:mergeDebugJniLibFolders
> Task :shared:mergeDebugJniLibFolders
> Task :shared:mergeDebugNativeLibs NO-SOURCE
> Task :shared:copyDebugJniLibsProjectOnly
> Task :androidApp:validateSigningDebug
> Task :androidApp:mergeDebugNativeLibs NO-SOURCE
> Task :androidApp:stripDebugDebugSymbols NO-SOURCE
> Task :androidApp:writeDebugAppMetadata
> Task :androidApp:writeDebugSigningConfigVersions
> Task :androidApp:preDebugAndroidTestBuild SKIPPED
> Task :androidApp:processDebugAndroidTestManifest UP-TO-DATE
> Task :androidApp:generateDebugAndroidTestBuildConfig UP-TO-DATE
> Task :androidApp:checkDebugAndroidTestAarMetadata UP-TO-DATE
> Task :androidApp:generateDebugAndroidTestResValues UP-TO-DATE
> Task :androidApp:mapDebugAndroidTestSourceSetPaths UP-TO-DATE
> Task :androidApp:generateDebugAndroidTestResources UP-TO-DATE
> Task :androidApp:mergeDebugAndroidTestResources UP-TO-DATE
> Task :androidApp:processDebugAndroidTestResources UP-TO-DATE
> Task :androidApp:javaPreCompileDebugAndroidTest UP-TO-DATE
> Task :androidApp:mergeDebugAndroidTestShaders UP-TO-DATE
> Task :androidApp:compileDebugAndroidTestShaders NO-SOURCE
> Task :androidApp:generateDebugAndroidTestAssets UP-TO-DATE
> Task :androidApp:mergeDebugAndroidTestAssets UP-TO-DATE
> Task :androidApp:compressDebugAndroidTestAssets UP-TO-DATE
> Task :androidApp:checkDebugAndroidTestDuplicateClasses UP-TO-DATE
> Task :androidApp:desugarDebugAndroidTestFileDependencies UP-TO-DATE
> Task :androidApp:mergeExtDexDebugAndroidTest UP-TO-DATE
> Task :androidApp:mergeDebugAndroidTestJniLibFolders UP-TO-DATE
> Task :androidApp:mergeDebugAndroidTestNativeLibs NO-SOURCE
> Task :androidApp:stripDebugAndroidTestDebugSymbols NO-SOURCE
> Task :androidApp:validateSigningDebugAndroidTest UP-TO-DATE
> Task :androidApp:writeDebugAndroidTestSigningConfigVersions UP-TO-DATE
> Task :androidApp:processDebugResources
> Task :androidApp:mergeExtDexDebug
> Task :shared:kspDebugKotlinAndroid

> Task :shared:compileDebugKotlinAndroid
w: file:///Users/jerry/JustDoIt/OHHHHH/TalkToAI/shared/src/commonMain/kotlin/com/example/talktoai/RouterPage.kt:261:29 'fun fontWeightSemisolid(): TextAttr' is deprecated. use fontWeightSemiBold() instead.
w: file:///Users/jerry/JustDoIt/OHHHHH/TalkToAI/shared/src/commonMain/kotlin/com/example/talktoai/base/AppShellState.kt:17:28 'fun <T> observable(init: T): ReadWriteProperty<Any, T>' is deprecated. use PagerScope.observable(mode, value) instead.
w: file:///Users/jerry/JustDoIt/OHHHHH/TalkToAI/shared/src/commonMain/kotlin/com/example/talktoai/base/AppShellState.kt:19:32 'fun <T> observable(init: T): ReadWriteProperty<Any, T>' is deprecated. use PagerScope.observable(mode, value) instead.
w: file:///Users/jerry/JustDoIt/OHHHHH/TalkToAI/shared/src/commonMain/kotlin/com/example/talktoai/base/AppShellState.kt:21:36 'fun <T> observable(init: T): ReadWriteProperty<Any, T>' is deprecated. use PagerScope.observable(mode, value) instead.
w: file:///Users/jerry/JustDoIt/OHHHHH/TalkToAI/shared/src/commonMain/kotlin/com/example/talktoai/base/IPagerIdKtx.kt:3:8 'interface IPagerId : PagerScope' is deprecated. Use PagerScope instead.
w: file:///Users/jerry/JustDoIt/OHHHHH/TalkToAI/shared/src/commonMain/kotlin/com/example/talktoai/base/IPagerIdKtx.kt:17:14 'interface IPagerId : PagerScope' is deprecated. Use PagerScope instead.
w: file:///Users/jerry/JustDoIt/OHHHHH/TalkToAI/shared/src/commonMain/kotlin/com/example/talktoai/base/IPagerIdKtx.kt:17:53 'fun <reified T> pagerId(noinline initializer: (String) -> T): ReadOnlyProperty<PagerScope, T>' is deprecated. Use PagerScope instead.
w: file:///Users/jerry/JustDoIt/OHHHHH/TalkToAI/shared/src/commonMain/kotlin/com/example/talktoai/base/IPagerIdKtx.kt:21:14 'interface IPagerId : PagerScope' is deprecated. Use PagerScope instead.
w: file:///Users/jerry/JustDoIt/OHHHHH/TalkToAI/shared/src/commonMain/kotlin/com/example/talktoai/base/Utils.kt:19:52 'var currentPageId: String' is deprecated. 使用Pager上下文的pagerId代替.
w: file:///Users/jerry/JustDoIt/OHHHHH/TalkToAI/shared/src/commonMain/kotlin/com/example/talktoai/base/Utils.kt:25:36 'var currentPageId: String' is deprecated. 使用Pager上下文的pagerId代替.
w: file:///Users/jerry/JustDoIt/OHHHHH/TalkToAI/shared/src/commonMain/kotlin/com/example/talktoai/base/theme/ThemeColors.kt:23:33 'fun <T> observable(init: T): ReadWriteProperty<Any, T>' is deprecated. use PagerScope.observable(mode, value) instead.
w: file:///Users/jerry/JustDoIt/OHHHHH/TalkToAI/shared/src/commonMain/kotlin/com/example/talktoai/talk/TalkToAiPager.kt:50:50 'fun <reified T> pagerId(noinline initializer: (String) -> T): ReadOnlyProperty<PagerScope, T>' is deprecated. Use PagerScope instead.
w: file:///Users/jerry/JustDoIt/OHHHHH/TalkToAI/shared/src/commonMain/kotlin/com/example/talktoai/talk/TalkToAiViewModel.kt:17:26 'fun <T> observable(init: T): ReadWriteProperty<Any, T>' is deprecated. use PagerScope.observable(mode, value) instead.
w: file:///Users/jerry/JustDoIt/OHHHHH/TalkToAI/shared/src/commonMain/kotlin/com/example/talktoai/talk/TalkToAiViewModel.kt:18:39 'fun <T> observable(init: T): ReadWriteProperty<Any, T>' is deprecated. use PagerScope.observable(mode, value) instead.
w: file:///Users/jerry/JustDoIt/OHHHHH/TalkToAI/shared/src/commonMain/kotlin/com/example/talktoai/talk/TalkToAiViewModel.kt:19:31 'fun <T> observable(init: T): ReadWriteProperty<Any, T>' is deprecated. use PagerScope.observable(mode, value) instead.
w: file:///Users/jerry/JustDoIt/OHHHHH/TalkToAI/shared/src/commonMain/kotlin/com/example/talktoai/talk/TalkToAiViewModel.kt:20:52 'fun <T> observableList(): ReadWriteProperty<Any, ObservableList<T>>' is deprecated. use PagerScope.observableList(mode) instead.
w: file:///Users/jerry/JustDoIt/OHHHHH/TalkToAI/shared/src/commonMain/kotlin/com/example/talktoai/talk/TalkToAiViewModel.kt:21:60 'fun <T> observableList(): ReadWriteProperty<Any, ObservableList<T>>' is deprecated. use PagerScope.observableList(mode) instead.
w: file:///Users/jerry/JustDoIt/OHHHHH/TalkToAI/shared/src/commonMain/kotlin/com/example/talktoai/talk/TalkToAiViewModel.kt:22:27 'fun <T> observable(init: T): ReadWriteProperty<Any, T>' is deprecated. use PagerScope.observable(mode, value) instead.
w: file:///Users/jerry/JustDoIt/OHHHHH/TalkToAI/shared/src/commonMain/kotlin/com/example/talktoai/talk/TalkToAiViewModel.kt:23:37 'fun <T> observable(init: T): ReadWriteProperty<Any, T>' is deprecated. use PagerScope.observable(mode, value) instead.
w: file:///Users/jerry/JustDoIt/OHHHHH/TalkToAI/shared/src/commonMain/kotlin/com/example/talktoai/talk/TalkToAiViewModel.kt:24:36 'fun <T> observable(init: T): ReadWriteProperty<Any, T>' is deprecated. use PagerScope.observable(mode, value) instead.
w: file:///Users/jerry/JustDoIt/OHHHHH/TalkToAI/shared/src/commonMain/kotlin/com/example/talktoai/talk/TalkToAiViewModel.kt:25:34 'fun <T> observable(init: T): ReadWriteProperty<Any, T>' is deprecated. use PagerScope.observable(mode, value) instead.
w: file:///Users/jerry/JustDoIt/OHHHHH/TalkToAI/shared/src/commonMain/kotlin/com/example/talktoai/talk/TalkToAiViewModel.kt:26:28 'fun <T> observable(init: T): ReadWriteProperty<Any, T>' is deprecated. use PagerScope.observable(mode, value) instead.
w: file:///Users/jerry/JustDoIt/OHHHHH/TalkToAI/shared/src/commonMain/kotlin/com/example/talktoai/talk/TalkToAiViewModel.kt:27:34 'fun <T> observable(init: T): ReadWriteProperty<Any, T>' is deprecated. use PagerScope.observable(mode, value) instead.
w: file:///Users/jerry/JustDoIt/OHHHHH/TalkToAI/shared/src/commonMain/kotlin/com/example/talktoai/talk/TalkToAiViewModel.kt:28:42 'fun <T> observable(init: T): ReadWriteProperty<Any, T>' is deprecated. use PagerScope.observable(mode, value) instead.
w: file:///Users/jerry/JustDoIt/OHHHHH/TalkToAI/shared/src/commonMain/kotlin/com/example/talktoai/talk/TalkToAiViewModel.kt:29:41 'fun <T> observable(init: T): ReadWriteProperty<Any, T>' is deprecated. use PagerScope.observable(mode, value) instead.
w: file:///Users/jerry/JustDoIt/OHHHHH/TalkToAI/shared/src/commonMain/kotlin/com/example/talktoai/talk/TalkToAiViewModel.kt:30:71 'fun <T> observable(init: T): ReadWriteProperty<Any, T>' is deprecated. use PagerScope.observable(mode, value) instead.
w: file:///Users/jerry/JustDoIt/OHHHHH/TalkToAI/shared/src/commonMain/kotlin/com/example/talktoai/talk/TalkToAiViewModel.kt:31:86 'fun <T> observableList(): ReadWriteProperty<Any, ObservableList<T>>' is deprecated. use PagerScope.observableList(mode) instead.
w: file:///Users/jerry/JustDoIt/OHHHHH/TalkToAI/shared/src/commonMain/kotlin/com/example/talktoai/talk/TalkToAiViewModel.kt:42:46 'fun <T> observable(init: T): ReadWriteProperty<Any, T>' is deprecated. use PagerScope.observable(mode, value) instead.
w: file:///Users/jerry/JustDoIt/OHHHHH/TalkToAI/shared/src/commonMain/kotlin/com/example/talktoai/talk/TalkToAiViewModel.kt:43:35 'fun <T> observable(init: T): ReadWriteProperty<Any, T>' is deprecated. use PagerScope.observable(mode, value) instead.
w: file:///Users/jerry/JustDoIt/OHHHHH/TalkToAI/shared/src/commonMain/kotlin/com/example/talktoai/talk/TalkToAiViewModel.kt:44:33 'fun <T> observable(init: T): ReadWriteProperty<Any, T>' is deprecated. use PagerScope.observable(mode, value) instead.
w: file:///Users/jerry/JustDoIt/OHHHHH/TalkToAI/shared/src/commonMain/kotlin/com/example/talktoai/talk/TalkToAiViewModel.kt:45:33 'fun <T> observable(init: T): ReadWriteProperty<Any, T>' is deprecated. use PagerScope.observable(mode, value) instead.
w: file:///Users/jerry/JustDoIt/OHHHHH/TalkToAI/shared/src/commonMain/kotlin/com/example/talktoai/talk/TalkToAiViewModel.kt:46:31 'fun <T> observable(init: T): ReadWriteProperty<Any, T>' is deprecated. use PagerScope.observable(mode, value) instead.
w: file:///Users/jerry/JustDoIt/OHHHHH/TalkToAI/shared/src/commonMain/kotlin/com/example/talktoai/talk/TalkToAiViewModel.kt:47:29 'fun <T> observable(init: T): ReadWriteProperty<Any, T>' is deprecated. use PagerScope.observable(mode, value) instead.
w: file:///Users/jerry/JustDoIt/OHHHHH/TalkToAI/shared/src/commonMain/kotlin/com/example/talktoai/talk/TalkToAiViewModel.kt:48:36 'fun <T> observable(init: T): ReadWriteProperty<Any, T>' is deprecated. use PagerScope.observable(mode, value) instead.
w: file:///Users/jerry/JustDoIt/OHHHHH/TalkToAI/shared/src/commonMain/kotlin/com/example/talktoai/talk/TalkToAiViewModel.kt:49:37 'fun <T> observable(init: T): ReadWriteProperty<Any, T>' is deprecated. use PagerScope.observable(mode, value) instead.
w: file:///Users/jerry/JustDoIt/OHHHHH/TalkToAI/shared/src/commonMain/kotlin/com/example/talktoai/talk/TalkToAiViewModel.kt:50:38 'fun <T> observable(init: T): ReadWriteProperty<Any, T>' is deprecated. use PagerScope.observable(mode, value) instead.
w: file:///Users/jerry/JustDoIt/OHHHHH/TalkToAI/shared/src/commonMain/kotlin/com/example/talktoai/talk/TalkToAiViewModel.kt:51:30 'fun <T> observable(init: T): ReadWriteProperty<Any, T>' is deprecated. use PagerScope.observable(mode, value) instead.
w: file:///Users/jerry/JustDoIt/OHHHHH/TalkToAI/shared/src/commonMain/kotlin/com/example/talktoai/talk/TalkToAiViewModel.kt:52:41 'fun <T> observable(init: T): ReadWriteProperty<Any, T>' is deprecated. use PagerScope.observable(mode, value) instead.
w: file:///Users/jerry/JustDoIt/OHHHHH/TalkToAI/shared/src/commonMain/kotlin/com/example/talktoai/talk/TalkToAiViewModel.kt:53:58 'fun <T> observableList(): ReadWriteProperty<Any, ObservableList<T>>' is deprecated. use PagerScope.observableList(mode) instead.
w: file:///Users/jerry/JustDoIt/OHHHHH/TalkToAI/shared/src/commonMain/kotlin/com/example/talktoai/talk/TalkToAiViewModel.kt:54:38 'fun <T> observable(init: T): ReadWriteProperty<Any, T>' is deprecated. use PagerScope.observable(mode, value) instead.
w: file:///Users/jerry/JustDoIt/OHHHHH/TalkToAI/shared/src/commonMain/kotlin/com/example/talktoai/talk/TalkToAiViewModel.kt:55:42 'fun <T> observable(init: T): ReadWriteProperty<Any, T>' is deprecated. use PagerScope.observable(mode, value) instead.
w: file:///Users/jerry/JustDoIt/OHHHHH/TalkToAI/shared/src/commonMain/kotlin/com/example/talktoai/talk/TalkToAiViewModel.kt:56:33 'fun <T> observable(init: T): ReadWriteProperty<Any, T>' is deprecated. use PagerScope.observable(mode, value) instead.
w: file:///Users/jerry/JustDoIt/OHHHHH/TalkToAI/shared/src/commonMain/kotlin/com/example/talktoai/talk/TalkToAiViewModel.kt:57:32 'fun <T> observable(init: T): ReadWriteProperty<Any, T>' is deprecated. use PagerScope.observable(mode, value) instead.
w: file:///Users/jerry/JustDoIt/OHHHHH/TalkToAI/shared/src/commonMain/kotlin/com/example/talktoai/talk/TalkToAiViewModel.kt:58:51 'fun <T> observable(init: T): ReadWriteProperty<Any, T>' is deprecated. use PagerScope.observable(mode, value) instead.
w: file:///Users/jerry/JustDoIt/OHHHHH/TalkToAI/shared/src/commonMain/kotlin/com/example/talktoai/talk/TalkToAiViewModel.kt:59:36 'fun <T> observable(init: T): ReadWriteProperty<Any, T>' is deprecated. use PagerScope.observable(mode, value) instead.
w: file:///Users/jerry/JustDoIt/OHHHHH/TalkToAI/shared/src/commonMain/kotlin/com/example/talktoai/talk/TalkToAiViewModel.kt:60:34 'fun <T> observable(init: T): ReadWriteProperty<Any, T>' is deprecated. use PagerScope.observable(mode, value) instead.
w: file:///Users/jerry/JustDoIt/OHHHHH/TalkToAI/shared/src/commonMain/kotlin/com/example/talktoai/talk/TalkToAiViewModel.kt:61:31 'fun <T> observable(init: T): ReadWriteProperty<Any, T>' is deprecated. use PagerScope.observable(mode, value) instead.
w: file:///Users/jerry/JustDoIt/OHHHHH/TalkToAI/shared/src/commonMain/kotlin/com/example/talktoai/talk/TalkToAiViewModel.kt:62:34 'fun <T> observable(init: T): ReadWriteProperty<Any, T>' is deprecated. use PagerScope.observable(mode, value) instead.
w: file:///Users/jerry/JustDoIt/OHHHHH/TalkToAI/shared/src/commonMain/kotlin/com/example/talktoai/talk/TalkToAiViewModel.kt:63:30 'fun <T> observable(init: T): ReadWriteProperty<Any, T>' is deprecated. use PagerScope.observable(mode, value) instead.
w: file:///Users/jerry/JustDoIt/OHHHHH/TalkToAI/shared/src/commonMain/kotlin/com/example/talktoai/talk/TalkToAiViewModel.kt:64:33 'fun <T> observable(init: T): ReadWriteProperty<Any, T>' is deprecated. use PagerScope.observable(mode, value) instead.
w: file:///Users/jerry/JustDoIt/OHHHHH/TalkToAI/shared/src/commonMain/kotlin/com/example/talktoai/talk/TalkToAiViewModel.kt:65:32 'fun <T> observable(init: T): ReadWriteProperty<Any, T>' is deprecated. use PagerScope.observable(mode, value) instead.
w: file:///Users/jerry/JustDoIt/OHHHHH/TalkToAI/shared/src/commonMain/kotlin/com/example/talktoai/talk/TalkToAiViewModel.kt:66:32 'fun <T> observable(init: T): ReadWriteProperty<Any, T>' is deprecated. use PagerScope.observable(mode, value) instead.
w: file:///Users/jerry/JustDoIt/OHHHHH/TalkToAI/shared/src/commonMain/kotlin/com/example/talktoai/talk/TalkToAiViewModel.kt:67:42 'fun <T> observable(init: T): ReadWriteProperty<Any, T>' is deprecated. use PagerScope.observable(mode, value) instead.
w: file:///Users/jerry/JustDoIt/OHHHHH/TalkToAI/shared/src/commonMain/kotlin/com/example/talktoai/talk/TalkToAiViewModel.kt:68:45 'fun <T> observable(init: T): ReadWriteProperty<Any, T>' is deprecated. use PagerScope.observable(mode, value) instead.
w: file:///Users/jerry/JustDoIt/OHHHHH/TalkToAI/shared/src/commonMain/kotlin/com/example/talktoai/talk/TalkToAiViewModel.kt:69:51 'fun <T> observable(init: T): ReadWriteProperty<Any, T>' is deprecated. use PagerScope.observable(mode, value) instead.
w: file:///Users/jerry/JustDoIt/OHHHHH/TalkToAI/shared/src/commonMain/kotlin/com/example/talktoai/talk/TalkToAiViewModel.kt:70:48 'fun <T> observable(init: T): ReadWriteProperty<Any, T>' is deprecated. use PagerScope.observable(mode, value) instead.
w: file:///Users/jerry/JustDoIt/OHHHHH/TalkToAI/shared/src/commonMain/kotlin/com/example/talktoai/talk/TalkToAiViewModel.kt:71:38 'fun <T> observable(init: T): ReadWriteProperty<Any, T>' is deprecated. use PagerScope.observable(mode, value) instead.
w: file:///Users/jerry/JustDoIt/OHHHHH/TalkToAI/shared/src/commonMain/kotlin/com/example/talktoai/talk/TalkToAiViewModel.kt:72:39 'fun <T> observable(init: T): ReadWriteProperty<Any, T>' is deprecated. use PagerScope.observable(mode, value) instead.
w: file:///Users/jerry/JustDoIt/OHHHHH/TalkToAI/shared/src/commonMain/kotlin/com/example/talktoai/talk/TalkToAiViewModel.kt:73:51 'fun <T> observable(init: T): ReadWriteProperty<Any, T>' is deprecated. use PagerScope.observable(mode, value) instead.
w: file:///Users/jerry/JustDoIt/OHHHHH/TalkToAI/shared/src/commonMain/kotlin/com/example/talktoai/talk/TalkToAiViewModel.kt:74:39 'fun <T> observable(init: T): ReadWriteProperty<Any, T>' is deprecated. use PagerScope.observable(mode, value) instead.
w: file:///Users/jerry/JustDoIt/OHHHHH/TalkToAI/shared/src/commonMain/kotlin/com/example/talktoai/talk/TalkToAiViewModel.kt:75:36 'fun <T> observable(init: T): ReadWriteProperty<Any, T>' is deprecated. use PagerScope.observable(mode, value) instead.
w: file:///Users/jerry/JustDoIt/OHHHHH/TalkToAI/shared/src/commonMain/kotlin/com/example/talktoai/talk/TalkToAiViewModel.kt:76:42 'fun <T> observable(init: T): ReadWriteProperty<Any, T>' is deprecated. use PagerScope.observable(mode, value) instead.
w: file:///Users/jerry/JustDoIt/OHHHHH/TalkToAI/shared/src/commonMain/kotlin/com/example/talktoai/talk/TalkToAiViewModel.kt:77:40 'fun <T> observable(init: T): ReadWriteProperty<Any, T>' is deprecated. use PagerScope.observable(mode, value) instead.
w: file:///Users/jerry/JustDoIt/OHHHHH/TalkToAI/shared/src/commonMain/kotlin/com/example/talktoai/talk/TalkToAiViewModel.kt:78:48 'fun <T> observable(init: T): ReadWriteProperty<Any, T>' is deprecated. use PagerScope.observable(mode, value) instead.
w: file:///Users/jerry/JustDoIt/OHHHHH/TalkToAI/shared/src/commonMain/kotlin/com/example/talktoai/talk/TalkToAiViewModel.kt:79:52 'fun <T> observable(init: T): ReadWriteProperty<Any, T>' is deprecated. use PagerScope.observable(mode, value) instead.
w: file:///Users/jerry/JustDoIt/OHHHHH/TalkToAI/shared/src/commonMain/kotlin/com/example/talktoai/talk/TalkToAiViewModel.kt:80:48 'fun <T> observable(init: T): ReadWriteProperty<Any, T>' is deprecated. use PagerScope.observable(mode, value) instead.
w: file:///Users/jerry/JustDoIt/OHHHHH/TalkToAI/shared/src/commonMain/kotlin/com/example/talktoai/talk/TalkToAiViewModel.kt:81:35 'fun <T> observable(init: T): ReadWriteProperty<Any, T>' is deprecated. use PagerScope.observable(mode, value) instead.
w: file:///Users/jerry/JustDoIt/OHHHHH/TalkToAI/shared/src/commonMain/kotlin/com/example/talktoai/talk/TalkToAiViewModel.kt:82:35 'fun <T> observable(init: T): ReadWriteProperty<Any, T>' is deprecated. use PagerScope.observable(mode, value) instead.

> Task :shared:compileDebugJavaWithJavac NO-SOURCE
> Task :shared:processDebugJavaRes
> Task :shared:bundleLibRuntimeToJarDebug
> Task :shared:bundleLibCompileToJarDebug
> Task :shared:kspDebugUnitTestKotlinAndroid
> Task :shared:compileDebugUnitTestKotlinAndroid
> Task :shared:compileDebugUnitTestJavaWithJavac NO-SOURCE
> Task :shared:processDebugUnitTestJavaRes UP-TO-DATE
> Task :shared:testDebugUnitTest
> Task :androidApp:mergeLibDexDebugAndroidTest UP-TO-DATE
> Task :androidApp:mergeLibDexDebug
> Task :androidApp:l8DexDesugarLibDebug
> Task :androidApp:kspDebugKotlin

> Task :androidApp:compileDebugKotlin
w: file:///Users/jerry/JustDoIt/OHHHHH/TalkToAI/androidApp/src/main/java/com/example/talktoai/KuiklyRenderActivity.kt:68:60 'static field SOFT_INPUT_ADJUST_RESIZE: Int' is deprecated. Deprecated in Java.
w: file:///Users/jerry/JustDoIt/OHHHHH/TalkToAI/androidApp/src/main/java/com/example/talktoai/KuiklyRenderActivity.kt:157:23 'var systemUiVisibility: Int' is deprecated. Deprecated in Java.
w: file:///Users/jerry/JustDoIt/OHHHHH/TalkToAI/androidApp/src/main/java/com/example/talktoai/KuiklyRenderActivity.kt:157:69 'static field SYSTEM_UI_FLAG_LIGHT_STATUS_BAR: Int' is deprecated. Deprecated in Java.
w: file:///Users/jerry/JustDoIt/OHHHHH/TalkToAI/androidApp/src/main/java/com/example/talktoai/adapter/KRImageAdapter.kt:24:18 This declaration overrides a deprecated member but is not marked as deprecated itself. Add the '@Deprecated' annotation or suppress the diagnostic.
w: file:///Users/jerry/JustDoIt/OHHHHH/TalkToAI/androidApp/src/main/java/com/example/talktoai/adapter/KRImageAdapter.kt:63:28 Unchecked cast of 'RequestBuilder<GifDrawable!>' to 'RequestBuilder<Drawable>'.

> Task :androidApp:compileDebugJavaWithJavac
> Task :androidApp:bundleDebugClassesToRuntimeJar UP-TO-DATE
> Task :androidApp:bundleDebugClassesToCompileJar UP-TO-DATE
> Task :androidApp:processDebugJavaRes
> Task :androidApp:kspDebugUnitTestKotlin
> Task :androidApp:mergeDebugJavaResource
> Task :androidApp:dexBuilderDebug
> Task :androidApp:compileDebugUnitTestKotlin
> Task :androidApp:compileDebugUnitTestJavaWithJavac NO-SOURCE
> Task :androidApp:processDebugUnitTestJavaRes UP-TO-DATE
> Task :androidApp:mergeProjectDexDebug
> Task :androidApp:kspDebugAndroidTestKotlin
> Task :androidApp:testDebugUnitTest
> Task :androidApp:compileDebugAndroidTestKotlin
> Task :androidApp:compileDebugAndroidTestJavaWithJavac UP-TO-DATE
> Task :androidApp:processDebugAndroidTestJavaRes UP-TO-DATE
> Task :androidApp:mergeDebugAndroidTestJavaResource UP-TO-DATE
> Task :androidApp:dexBuilderDebugAndroidTest
> Task :androidApp:mergeProjectDexDebugAndroidTest
> Task :androidApp:packageDebugAndroidTest
> Task :androidApp:createDebugAndroidTestApkListingFileRedirect UP-TO-DATE
> Task :androidApp:assembleDebugAndroidTest
> Task :androidApp:packageDebug
> Task :androidApp:createDebugApkListingFileRedirect
> Task :androidApp:assembleDebug

BUILD SUCCESSFUL in 28s
118 actionable tasks: 70 executed, 48 up-to-date
